javac : 
src\CrowdHandler.java:1: 
error: package 
com.mongodb.client does 
not exist
At line:1 char:1
+ javac -cp 
"mysql-connector.jar;src" 
src\*.java > 
compile_errors.txt 2 ...
+ ~~~~~~~~~~~~~~~~~~~~~~~~
~~~~~~~~~~~~~~~~~~~~~~~~~~
~~~~~~~~~~~~~~~~~~~
    + CategoryInfo        
      : NotSpecified: (s  
  rc\CrowdHandle... doe   
 s not exist:String) [    
], RemoteException
    + FullyQualifiedError 
   Id : NativeCommandErr  
  or
 
import com.mongodb.client.
MongoCollection;     // 
Import MongoCollection 
for collection operations
                         ^
src\CrowdHandler.java:2: 
error: package 
com.mongodb.client does 
not exist
import com.mongodb.client.
MongoCursor;         // 
Import MongoCursor for 
iterating results
                         ^
src\CrowdHandler.java:3: 
error: package 
com.mongodb.client.model 
does not exist
import com.mongodb.client.
model.Filters;        // 
Import Filters for query 
operations
                          
     ^
src\CrowdHandler.java:4: 
error: package 
com.mongodb.client.model 
does not exist
import com.mongodb.client.
model.Sorts;         // 
Import Sorts for sorting 
operations
                          
     ^
src\CrowdHandler.java:5: 
error: package 
com.mongodb.client.model 
does not exist
import com.mongodb.client.
model.Aggregates;     // 
Import Aggregates for 
aggregation operations
                          
     ^
src\CrowdHandler.java:6: 
error: package org.bson 
does not exist
import org.bson.Document; 
                     // 
Import Document for 
MongoDB documents
               ^
src\CrowdHandler.java:7: 
error: package 
org.bson.conversions does 
not exist
import org.bson.conversion
s.Bson;              // 
Import Bson for query 
operations
                          
 ^
src\DatabaseConnection.jav
a:1: error: package 
com.mongodb.client does 
not exist
import com.mongodb.client.
MongoClient;        // 
Import MongoClient for 
MongoDB connection
                         ^
src\DatabaseConnection.jav
a:2: error: package 
com.mongodb.client does 
not exist
import com.mongodb.client.
MongoClients;        // 
Import MongoClients for 
creating client
                         ^
src\DatabaseConnection.jav
a:3: error: package 
com.mongodb.client does 
not exist
import com.mongodb.client.
MongoDatabase;       // 
Import MongoDatabase for 
database operations
                         ^
src\DatabaseConnection.jav
a:4: error: package 
com.mongodb.client does 
not exist
import com.mongodb.client.
MongoCollection;     // 
Import MongoCollection 
for collection operations
                         ^
src\DatabaseConnection.jav
a:5: error: package 
org.bson does not exist
import org.bson.Document; 
                     // 
Import Document for 
MongoDB documents
               ^
src\DatabaseConnection.jav
a:6: error: package 
com.mongodb.client does 
not exist
import com.mongodb.client.
MongoCursor;         // 
Import MongoCursor for 
iterating results
                         ^
src\DatabaseConnection.jav
a:17: error: cannot find 
symbol
    private static 
MongoClient mongoClient;  
                      // 
MongoDB client instance
                   ^
  symbol:   class 
MongoClient
  location: class 
DatabaseConnection
src\DatabaseConnection.jav
a:18: error: cannot find 
symbol
    private static 
MongoDatabase database;   
                      // 
Database instance
                   ^
  symbol:   class 
MongoDatabase
  location: class 
DatabaseConnection
src\DatabaseConnection.jav
a:44: error: cannot find 
symbol
    public static 
MongoDatabase 
getDatabase() {
                  ^
  symbol:   class 
MongoDatabase
  location: class 
DatabaseConnection
src\DatabaseConnection.jav
a:56: error: cannot find 
symbol
    public static 
MongoCollection<Document> 
getCollection(String 
collectionName) {
                  ^
  symbol:   class 
MongoCollection
  location: class 
DatabaseConnection
src\DatabaseConnection.jav
a:56: error: cannot find 
symbol
    public static 
MongoCollection<Document> 
getCollection(String 
collectionName) {
                          
        ^
  symbol:   class Document
  location: class 
DatabaseConnection
src\RecommendationHandler.
java:1: error: package 
com.mongodb.client does 
not exist
import com.mongodb.client.
MongoCollection;     // 
Import MongoCollection 
for collection operations
                         ^
src\RecommendationHandler.
java:2: error: package 
com.mongodb.client does 
not exist
import com.mongodb.client.
MongoCursor;         // 
Import MongoCursor for 
iterating results
                         ^
src\RecommendationHandler.
java:3: error: package 
com.mongodb.client.model 
does not exist
import com.mongodb.client.
model.Filters;        // 
Import Filters for query 
operations
                          
     ^
src\RecommendationHandler.
java:4: error: package 
com.mongodb.client.model 
does not exist
import com.mongodb.client.
model.Aggregates;     // 
Import Aggregates for 
aggregation operations
                          
     ^
src\RecommendationHandler.
java:5: error: package 
org.bson does not exist
import org.bson.Document; 
                     // 
Import Document for 
MongoDB documents
               ^
src\RecommendationHandler.
java:6: error: package 
org.bson.conversions does 
not exist
import org.bson.conversion
s.Bson;              // 
Import Bson for query 
operations
                          
 ^
src\SplitHandler.java:1: 
error: package 
com.mongodb.client does 
not exist
import com.mongodb.client.
MongoCollection;     // 
Import MongoCollection 
for collection operations
                         ^
src\SplitHandler.java:2: 
error: package 
com.mongodb.client does 
not exist
import com.mongodb.client.
MongoCursor;         // 
Import MongoCursor for 
iterating results
                         ^
src\SplitHandler.java:3: 
error: package 
com.mongodb.client.model 
does not exist
import com.mongodb.client.
model.Filters;        // 
Import Filters for query 
operations
                          
     ^
src\SplitHandler.java:4: 
error: package 
com.mongodb.client.model 
does not exist
import com.mongodb.client.
model.Sorts;         // 
Import Sorts for sorting 
operations
                          
     ^
src\SplitHandler.java:5: 
error: package org.bson 
does not exist
import org.bson.Document; 
                     // 
Import Document for 
MongoDB documents
               ^
src\UserHandler.java:1: 
error: package 
com.mongodb.client does 
not exist
import com.mongodb.client.
MongoCollection;     // 
Import MongoCollection 
for collection operations
                         ^
src\UserHandler.java:2: 
error: package 
com.mongodb.client does 
not exist
import com.mongodb.client.
MongoCursor;         // 
Import MongoCursor for 
iterating results
                         ^
src\UserHandler.java:3: 
error: package 
com.mongodb.client.model 
does not exist
import com.mongodb.client.
model.Filters;        // 
Import Filters for query 
operations
                          
     ^
src\UserHandler.java:4: 
error: package 
com.mongodb.client.model 
does not exist
import com.mongodb.client.
model.Updates;        // 
Import Updates for update 
operations
                          
     ^
src\UserHandler.java:5: 
error: package org.bson 
does not exist
import org.bson.Document; 
                     // 
Import Document for 
MongoDB documents
               ^
src\UserHandler.java:6: 
error: package 
org.bson.conversions does 
not exist
import org.bson.conversion
s.Bson;              // 
Import Bson for query 
operations
                          
 ^
src\CrowdHandler.java:24: 
error: cannot find symbol
            
MongoCollection<Document> 
splitsCollection = Databas
eConnection.getCollection(
"workout_splits");
            ^
  symbol:   class 
MongoCollection
  location: class 
CrowdHandler
src\CrowdHandler.java:24: 
error: cannot find symbol
            
MongoCollection<Document> 
splitsCollection = Databas
eConnection.getCollection(
"workout_splits");
                          
  ^
  symbol:   class Document
  location: class 
CrowdHandler
src\CrowdHandler.java:30: 
error: cannot find symbol
            Bson 
groupStage = 
Aggregates.group(
            ^
  symbol:   class Bson
  location: class 
CrowdHandler
src\CrowdHandler.java:33: 
error: cannot find symbol
                new 
Document("member_count", 
new Document("$sum", 1))
                    ^
  symbol:   class Document
  location: class 
CrowdHandler
src\CrowdHandler.java:33: 
error: cannot find symbol
                new 
Document("member_count", 
new Document("$sum", 1))
                          
                       ^
  symbol:   class Document
  location: class 
CrowdHandler
src\CrowdHandler.java:30: 
error: cannot find symbol
            Bson 
groupStage = 
Aggregates.group(
                          
    ^
  symbol:   variable 
Aggregates
  location: class 
CrowdHandler
src\CrowdHandler.java:31: 
error: cannot find symbol
                new 
Document("body_part", 
"$body_part")
                    ^
  symbol:   class Document
  location: class 
CrowdHandler
src\CrowdHandler.java:36: 
error: cannot find symbol
            Bson 
sortStage = 
Aggregates.sort(
            ^
  symbol:   class Bson
  location: class 
CrowdHandler
src\CrowdHandler.java:36: 
error: cannot find symbol
            Bson 
sortStage = 
Aggregates.sort(
                          
   ^
  symbol:   variable 
Aggregates
  location: class 
CrowdHandler
src\CrowdHandler.java:37: 
error: cannot find symbol
                new 
Document("_id.body_part", 
1).append("_id.preferred_t
ime", 1)
                    ^
  symbol:   class Document
  location: class 
CrowdHandler
src\CrowdHandler.java:41: 
error: cannot find symbol
            
MongoCursor<Document> 
cursor = splitsCollection
            ^
  symbol:   class 
MongoCursor
  location: class 
CrowdHandler
src\CrowdHandler.java:41: 
error: cannot find symbol
            
MongoCursor<Document> 
cursor = splitsCollection
                        ^
  symbol:   class Document
  location: class 
CrowdHandler
src\CrowdHandler.java:47: 
error: cannot find symbol
                Document 
doc = cursor.next();
                ^
  symbol:   class Document
  location: class 
CrowdHandler
src\CrowdHandler.java:48: 
error: cannot find symbol
                Document 
id = (Document) 
doc.get("_id");
                ^
  symbol:   class Document
  location: class 
CrowdHandler
src\CrowdHandler.java:48: 
error: cannot find symbol
                Document 
id = (Document) 
doc.get("_id");
                          
     ^
  symbol:   class Document
  location: class 
CrowdHandler
src\CrowdHandler.java:80: 
error: cannot find symbol
            Bson 
bodyPartGroup = Aggregates
.group("$body_part", 
            ^
  symbol:   class Bson
  location: class 
CrowdHandler
src\CrowdHandler.java:81: 
error: cannot find symbol
                new 
Document("total", new 
Document("$sum", 1)));
                    ^
  symbol:   class Document
  location: class 
CrowdHandler
src\CrowdHandler.java:81: 
error: cannot find symbol
                new 
Document("total", new 
Document("$sum", 1)));
                          
                ^
  symbol:   class Document
  location: class 
CrowdHandler
src\CrowdHandler.java:80: 
error: cannot find symbol
            Bson 
bodyPartGroup = Aggregates
.group("$body_part", 
                          
       ^
  symbol:   variable 
Aggregates
  location: class 
CrowdHandler
src\CrowdHandler.java:82: 
error: cannot find symbol
            Bson 
bodyPartSort = 
Aggregates.sort(new 
Document("_id", 1));
            ^
  symbol:   class Bson
  location: class 
CrowdHandler
src\CrowdHandler.java:82: 
error: cannot find symbol
            Bson 
bodyPartSort = 
Aggregates.sort(new 
Document("_id", 1));
                          
                          
^
  symbol:   class Document
  location: class 
CrowdHandler
src\CrowdHandler.java:82: 
error: cannot find symbol
            Bson 
bodyPartSort = 
Aggregates.sort(new 
Document("_id", 1));
                          
      ^
  symbol:   variable 
Aggregates
  location: class 
CrowdHandler
src\CrowdHandler.java:84: 
error: cannot find symbol
            
MongoCursor<Document> 
bodyCursor = 
splitsCollection
            ^
  symbol:   class 
MongoCursor
  location: class 
CrowdHandler
src\CrowdHandler.java:84: 
error: cannot find symbol
            
MongoCursor<Document> 
bodyCursor = 
splitsCollection
                        ^
  symbol:   class Document
  location: class 
CrowdHandler
src\CrowdHandler.java:89: 
error: cannot find symbol
                Document 
doc = bodyCursor.next();
                ^
  symbol:   class Document
  location: class 
CrowdHandler
src\CrowdHandler.java:98: 
error: cannot find symbol
            Bson 
timeGroup = Aggregates.gro
up("$preferred_time", 
            ^
  symbol:   class Bson
  location: class 
CrowdHandler
src\CrowdHandler.java:99: 
error: cannot find symbol
                new 
Document("total", new 
Document("$sum", 1)));
                    ^
  symbol:   class Document
  location: class 
CrowdHandler
src\CrowdHandler.java:99: 
error: cannot find symbol
                new 
Document("total", new 
Document("$sum", 1)));
                          
                ^
  symbol:   class Document
  location: class 
CrowdHandler
src\CrowdHandler.java:98: 
error: cannot find symbol
            Bson 
timeGroup = Aggregates.gro
up("$preferred_time", 
                          
   ^
  symbol:   variable 
Aggregates
  location: class 
CrowdHandler
src\CrowdHandler.java:100:
 error: cannot find symbol
            Bson timeSort 
= Aggregates.sort(new 
Document("_id", 1));
            ^
  symbol:   class Bson
  location: class 
CrowdHandler
src\CrowdHandler.java:100:
 error: cannot find symbol
            Bson timeSort 
= Aggregates.sort(new 
Document("_id", 1));
                          
                      ^
  symbol:   class Document
  location: class 
CrowdHandler
src\CrowdHandler.java:100:
 error: cannot find symbol
            Bson timeSort 
= Aggregates.sort(new 
Document("_id", 1));
                          
  ^
  symbol:   variable 
Aggregates
  location: class 
CrowdHandler
src\CrowdHandler.java:102:
 error: cannot find symbol
            
MongoCursor<Document> 
timeCursor = 
splitsCollection
            ^
  symbol:   class 
MongoCursor
  location: class 
CrowdHandler
src\CrowdHandler.java:102:
 error: cannot find symbol
            
MongoCursor<Document> 
timeCursor = 
splitsCollection
                        ^
  symbol:   class Document
  location: class 
CrowdHandler
src\CrowdHandler.java:107:
 error: cannot find symbol
                Document 
doc = timeCursor.next();
                ^
  symbol:   class Document
  location: class 
CrowdHandler
src\CrowdHandler.java:133:
 error: cannot find symbol
            
MongoCollection<Document> 
splitsCollection = Databas
eConnection.getCollection(
"workout_splits");
            ^
  symbol:   class 
MongoCollection
  location: class 
CrowdHandler
src\CrowdHandler.java:133:
 error: cannot find symbol
            
MongoCollection<Document> 
splitsCollection = Databas
eConnection.getCollection(
"workout_splits");
                          
  ^
  symbol:   class Document
  location: class 
CrowdHandler
src\CrowdHandler.java:137:
 error: cannot find symbol
                
Filters.and(
                ^
  symbol:   variable 
Filters
  location: class 
CrowdHandler
src\CrowdHandler.java:138:
 error: cannot find symbol
                    
Filters.eq("body_part", 
bodyPart),
                    ^
  symbol:   variable 
Filters
  location: class 
CrowdHandler
src\CrowdHandler.java:139:
 error: cannot find symbol
                    Filter
s.eq("preferred_time", 
timeSlot)
                    ^
  symbol:   variable 
Filters
  location: class 
CrowdHandler
src\CrowdHandler.java:162:
 error: cannot find symbol
            
MongoCollection<Document> 
splitsCollection = Databas
eConnection.getCollection(
"workout_splits");
            ^
  symbol:   class 
MongoCollection
  location: class 
CrowdHandler
src\CrowdHandler.java:162:
 error: cannot find symbol
            
MongoCollection<Document> 
splitsCollection = Databas
eConnection.getCollection(
"workout_splits");
                          
  ^
  symbol:   class Document
  location: class 
CrowdHandler
src\CrowdHandler.java:168:
 error: cannot find symbol
            Bson 
matchStage = Aggregates.ma
tch(Filters.eq("body_part"
, bodyPart));
            ^
  symbol:   class Bson
  location: class 
CrowdHandler
src\CrowdHandler.java:168:
 error: cannot find symbol
            Bson 
matchStage = Aggregates.ma
tch(Filters.eq("body_part"
, bodyPart));
                          
    ^
  symbol:   variable 
Aggregates
  location: class 
CrowdHandler
src\CrowdHandler.java:168:
 error: cannot find symbol
            Bson 
matchStage = Aggregates.ma
tch(Filters.eq("body_part"
, bodyPart));
                          
                     ^
  symbol:   variable 
Filters
  location: class 
CrowdHandler
src\CrowdHandler.java:169:
 error: cannot find symbol
            Bson 
groupStage = Aggregates.gr
oup("$preferred_time", 
            ^
  symbol:   class Bson
  location: class 
CrowdHandler
src\CrowdHandler.java:170:
 error: cannot find symbol
                new 
Document("member_count", 
new Document("$sum", 1)));
                    ^
  symbol:   class Document
  location: class 
CrowdHandler
src\CrowdHandler.java:170:
 error: cannot find symbol
                new 
Document("member_count", 
new Document("$sum", 1)));
                          
                       ^
  symbol:   class Document
  location: class 
CrowdHandler
src\CrowdHandler.java:169:
 error: cannot find symbol
            Bson 
groupStage = Aggregates.gr
oup("$preferred_time", 
                          
    ^
  symbol:   variable 
Aggregates
  location: class 
CrowdHandler
src\CrowdHandler.java:171:
 error: cannot find symbol
            Bson 
sortStage = 
Aggregates.sort(new 
Document("_id", 1));
            ^
  symbol:   class Bson
  location: class 
CrowdHandler
src\CrowdHandler.java:171:
 error: cannot find symbol
            Bson 
sortStage = 
Aggregates.sort(new 
Document("_id", 1));
                          
                       ^
  symbol:   class Document
  location: class 
CrowdHandler
src\CrowdHandler.java:171:
 error: cannot find symbol
            Bson 
sortStage = 
Aggregates.sort(new 
Document("_id", 1));
                          
   ^
  symbol:   variable 
Aggregates
  location: class 
CrowdHandler
src\CrowdHandler.java:173:
 error: cannot find symbol
            
MongoCursor<Document> 
cursor = splitsCollection
            ^
  symbol:   class 
MongoCursor
  location: class 
CrowdHandler
src\CrowdHandler.java:173:
 error: cannot find symbol
            
MongoCursor<Document> 
cursor = splitsCollection
                        ^
  symbol:   class Document
  location: class 
CrowdHandler
src\CrowdHandler.java:179:
 error: cannot find symbol
                Document 
doc = cursor.next();
                ^
  symbol:   class Document
  location: class 
CrowdHandler
src\DatabaseConnection.jav
a:27: error: cannot find 
symbol
            mongoClient = 
MongoClients.create(URI);
                          
^
  symbol:   variable 
MongoClients
  location: class 
DatabaseConnection
src\SplitHandler.java:25: 
error: cannot find symbol
            
MongoCollection<Document> 
splitsCollection = Databas
eConnection.getCollection(
"workout_splits");
            ^
  symbol:   class 
MongoCollection
  location: class 
SplitHandler
src\SplitHandler.java:25: 
error: cannot find symbol
            
MongoCollection<Document> 
splitsCollection = Databas
eConnection.getCollection(
"workout_splits");
                          
  ^
  symbol:   class Document
  location: class 
SplitHandler
src\SplitHandler.java:28: 
error: cannot find symbol
            Document 
newSplit = new Document();
            ^
  symbol:   class Document
  location: class 
SplitHandler
src\SplitHandler.java:28: 
error: cannot find symbol
            Document 
newSplit = new Document();
                          
          ^
  symbol:   class Document
  location: class 
SplitHandler
src\SplitHandler.java:56: 
error: cannot find symbol
            
MongoCollection<Document> 
splitsCollection = Databas
eConnection.getCollection(
"workout_splits");
            ^
  symbol:   class 
MongoCollection
  location: class 
SplitHandler
src\SplitHandler.java:56: 
error: cannot find symbol
            
MongoCollection<Document> 
splitsCollection = Databas
eConnection.getCollection(
"workout_splits");
                          
  ^
  symbol:   class Document
  location: class 
SplitHandler
src\SplitHandler.java:59: 
error: cannot find symbol
            
MongoCursor<Document> 
cursor = splitsCollection
            ^
  symbol:   class 
MongoCursor
  location: class 
SplitHandler
src\SplitHandler.java:59: 
error: cannot find symbol
            
MongoCursor<Document> 
cursor = splitsCollection
                        ^
  symbol:   class Document
  location: class 
SplitHandler
src\SplitHandler.java:60: 
error: cannot find symbol
                .find(Filt
ers.eq("username", 
username))
                      ^
  symbol:   variable 
Filters
  location: class 
SplitHandler
100 errors
only showing the first 
100 errors, of 124 total; 
use -Xmaxerrs if you 
would like to see more
